None
Hello
None
Low mana!
Mana is exactly ten.
Mana looks good.
