eldrin
initiating spell test...
power is below half.
3
10
20
30
0
1
2
greetings, traveler
greetings, s
